docker : #0 building with 
"desktop-linux" instance 
using docker driver
At line:1 char:1
+ docker build -t 
pdfx-server-debug ./server 
> build_error.log 2>&1
+ ~~~~~~~~~~~~~~~~~~~~~~~~~~
~~~~~~~~~~~~~~~~~~~~~~~~~~~~
~~~~~~~~~~~
    + CategoryInfo          
    : NotSpecified: (#0 bu  
  ilding wit...g docker d   
 river:String) [], Remot    
eException
    + FullyQualifiedErrorId 
    : NativeCommandError
 

#1 [internal] load build 
definition from Dockerfile
#1 transferring dockerfile: 
1.50kB 0.0s done
#1 DONE 0.0s

#2 [internal] load metadata 
for 
docker.io/library/node:20
#2 DONE 2.5s

#3 [internal] load 
.dockerignore
#3 transferring context: 
363B done
#3 DONE 0.1s

#4 [internal] load build 
context
#4 ...

#5 [1/6] FROM docker.io/libr
ary/node:20@sha256:929de1eec
c6450613bf37eea2f93f3d362b53
6a465d74e962488b5eca1168948
#5 resolve docker.io/library
/node:20@sha256:929de1eecc64
50613bf37eea2f93f3d362b536a4
65d74e962488b5eca1168948 
0.1s done
#5 DONE 0.1s

#4 [internal] load build 
context
#4 transferring context: 
34.46kB 0.3s done
#4 DONE 0.3s

#6 [2/6] RUN apt-get update 
&& apt-get install -y     
pkg-config     
build-essential     
libcairo2-dev     
libpango1.0-dev     
libjpeg-dev     libgif-dev  
   librsvg2-dev     libnss3 
    libatk-bridge2.0-0     
libxcomposite1     
libxdamage1     libxfixes3  
   libxrandr2     libgbm1   
  libasound2     
libpangocairo-1.0-0     
libcups2     libdrm2     
libgtk-3-0     libx11-xcb1  
   libxcb-dri3-0     
libxshmfence1     
libomp-dev     libblas-dev  
   liblapack-dev     
libreoffice     
libreoffice-java-common     
fonts-liberation     
fonts-dejavu     fonts-noto 
    ghostscript     python3 
    make     g++     && 
apt-get clean     && rm -rf 
/var/lib/apt/lists/*
#6 CACHED

#7 [3/6] WORKDIR /app
#7 CACHED

#8 [4/6] COPY package*.json 
./
#8 CACHED

#9 [5/6] RUN npm install 
--legacy-peer-deps
#9 1.588 npm error code 
ENOENT
#9 1.588 npm error syscall 
open
#9 1.588 npm error path 
/app/package.json
#9 1.589 npm error errno -2
#9 1.589 npm error enoent 
Could not read 
package.json: Error: 
ENOENT: no such file or 
directory, open 
'/app/package.json'
#9 1.589 npm error enoent 
This is related to npm not 
being able to find a file.
#9 1.589 npm error enoent
#9 1.592 npm error A 
complete log of this run 
can be found in: /root/.npm/
_logs/2026-01-12T06_56_20_03
0Z-debug-0.log
#9 ERROR: process "/bin/sh 
-c npm install 
--legacy-peer-deps" did not 
complete successfully: exit 
code: 254
------
 > [5/6] RUN npm install 
--legacy-peer-deps:
1.588 npm error code ENOENT
1.588 npm error syscall open
1.588 npm error path 
/app/package.json
1.589 npm error errno -2
1.589 npm error enoent 
Could not read 
package.json: Error: 
ENOENT: no such file or 
directory, open 
'/app/package.json'
1.589 npm error enoent This 
is related to npm not being 
able to find a file.
1.589 npm error enoent
1.592 npm error A complete 
log of this run can be 
found in: /root/.npm/_logs/2
026-01-12T06_56_20_030Z-debu
g-0.log
------
Dockerfile:56
--------------------
  54 |     
  55 |     # Switch back to 
npm install for better 
cross-platform compatibility
  56 | >>> RUN npm install 
--legacy-peer-deps
  57 |     
  58 |     # Copy source 
code
--------------------
ERROR: failed to build: 
failed to solve: process 
"/bin/sh -c npm install 
--legacy-peer-deps" did not 
complete successfully: exit 
code: 254
